<testsuites id="" name="" tests="15" failures="10" skipped="0" errors="0" time="43.689876">
<testsuite name="dashboard.spec.ts" timestamp="2026-06-30T16:55:48.431Z" hostname="chromium" tests="1" failures="1" skipped="0" time="10.689" errors="0">
<testcase name="Dashboard (Authenticated) › should load the dashboard components" classname="dashboard.spec.ts" time="10.689">
<system-out>
<![CDATA[PAGE TEXT CONTENT ON FAILURE: OVERSIGHT|
LIVE MODE
CONNECTED TO GOOGLE WORKSPACE
QA TEST USER
SIGN OUT
TODAY'S BRIEF
Good night, QA

Here's what happened in the last 24 hours

Updated 0m ago
Refresh
43
EMAILS
8
IMPORTANT
3
URGENT
3
MEETINGS
1
INVOICES
6
NEEDS REPLY
5
FOLLOW-UPS
EXECUTIVE SUMMARY

Today was dominated by investor conversations and client follow-ups. Three people requested meetings, one invoice requires your approval, and two clients are waiting for replies that are now overdue. No scheduling conflicts were detected for your upcoming week.

investor outreach
product roadmap
Q3 planning
pricing discussions
AI INSIGHTS
You have not replied to Sarah Johnson in 4 days — she is a key client.
Three separate conversations mention Friday as a deadline.
Your inbox is 37% meeting-related today — above your typical 20%.
Two investor emails arrived this morning — unusual for a Tuesday.
Marcus Webb replied to your proposal — a positive signal worth following up.
IMPORTANT EMAILS
6 shown
All
Urgent
Important
Meetings
Finance
Needs Reply
S
Sarah Johnson
sarah@clientco.com
4h ago

Re: Product Roadmap — Follow Up

Sarah is following up on the product roadmap discussion from last week and wants to schedule a 30-minute call to align on Q3 priorities before the board meeting.

Client
CRITICAL
Needs Reply
97% confidence
Reply and schedule a call for this week
M
Marcus Webb
marcus@venturelab.vc
2h ago

Re: Oversight.ai — Seed Round Interest

Marcus from VentureLab has reviewed the deck and expressed strong interest in a seed investment conversation. He is available Thursday or Friday this week.

Client
HIGH
Needs Reply
94% confidence
Book a call for Thursday or Friday
J
James Chen
james@acme.io
5h ago

Invoice #1047 — Q2 Services

Invoice #1047 for Q2 services totalling $12,400 has been submitted by Acme. Payment is due within 15 days.

Finance
HIGH
99% confidence
Review and approve invoice #1047
P
Priya Sharma
priya@designstudio.io
8h ago

Meeting Request — Design Review

Priya wants to schedule a design review session for the new dashboard UI. She has proposed Tuesday or Wednesday next week.

Meeting
NORMAL
Needs Reply
91% confidence
Confirm Tuesday or Wednesday slot
A
Alex Torres
alex@beta-user.com
10h ago

Feedback: Oversight Beta Experience

Beta user Alex has submitted detailed feedback praising the AI agent pipeline but requesting a faster sync speed and a mobile interface.

Client
NORMAL
Needs Reply
88% confidence
Log feedback and send acknowledgment
N
Notion
team@mail.notion.so
12h ago

Your Notion workspace weekly summary

Weekly activity summary from Notion — 12 pages updated, 3 databases modified.

Notification
LOW
85% confidence
Review when convenient

Auto-refreshes every 15 minutes · Generated by Gemini 2.5 Flash

ACTION QUEUE
1 items need attention
Live Sync

""

Draft email to investor@example.com

Hi, Just following up on our seed round discussion. Best, Oversight

Approve
Reject

Everything important has been reviewed.

No scheduling conflicts detected. Inbox analyzed.

[[ATTACHMENT|test-results/dashboard-Dashboard-Authen-c1155-ad-the-dashboard-components-chromium/test-failed-1.png]]

[[ATTACHMENT|test-results/dashboard-Dashboard-Authen-c1155-ad-the-dashboard-components-chromium/video.webm]]

[[ATTACHMENT|test-results/dashboard-Dashboard-Authen-c1155-ad-the-dashboard-components-chromium/error-context.md]]
]]>
</system-out>
<failure message="expect(locator).toBeVisible() failed" type="expect.toBeVisible">
<![CDATA[  [chromium] › dashboard.spec.ts:31:7 › Dashboard (Authenticated) › should load the dashboard components 

    Error: expect(locator).toBeVisible() failed

    Locator: getByText('Follow up: Seed Round').first()
    Expected: visible
    Timeout: 5000ms
    Error: element(s) not found

    Call log:
      - Expect "toBeVisible" with timeout 5000ms
      - waiting for getByText('Follow up: Seed Round').first()


      35 |     // Debugging: Log what's on the page if we fail
      36 |     try {
    > 37 |       await expect(page.getByText('Follow up: Seed Round').first()).toBeVisible({ timeout: 5000 });
         |                                                                     ^
      38 |     } catch (e) {
      39 |       console.log("PAGE TEXT CONTENT ON FAILURE:", await page.locator('body').innerText());
      40 |       throw e;
        at /Users/racoon/Documents/antigravity/wise-curie/tests/e2e/dashboard.spec.ts:37:69

    attachment #1: screenshot (image/png) ──────────────────────────────────────────────────────────
    ../../test-results/dashboard-Dashboard-Authen-c1155-ad-the-dashboard-components-chromium/test-failed-1.png
    ────────────────────────────────────────────────────────────────────────────────────────────────

    attachment #2: video (video/webm) ──────────────────────────────────────────────────────────────
    ../../test-results/dashboard-Dashboard-Authen-c1155-ad-the-dashboard-components-chromium/video.webm
    ────────────────────────────────────────────────────────────────────────────────────────────────

    Error Context: ../../test-results/dashboard-Dashboard-Authen-c1155-ad-the-dashboard-components-chromium/error-context.md
]]>
</failure>
</testcase>
</testsuite>
<testsuite name="landing.spec.ts" timestamp="2026-06-30T16:55:48.431Z" hostname="chromium" tests="2" failures="1" skipped="0" time="9.482" errors="0">
<testcase name="Landing Page › should load and display hero content" classname="landing.spec.ts" time="6.582">
<system-out>
<![CDATA[
[[ATTACHMENT|test-results/landing-Landing-Page-should-load-and-display-hero-content-chromium/test-failed-1.png]]

[[ATTACHMENT|test-results/landing-Landing-Page-should-load-and-display-hero-content-chromium/video.webm]]

[[ATTACHMENT|test-results/landing-Landing-Page-should-load-and-display-hero-content-chromium/error-context.md]]
]]>
</system-out>
<failure message="expect(locator).toBeVisible() failed" type="expect.toBeVisible">
<![CDATA[  [chromium] › landing.spec.ts:5:7 › Landing Page › should load and display hero content ───────────

    Error: expect(locator).toBeVisible() failed

    Locator: getByRole('button', { name: /Sign up/i })
    Expected: visible
    Timeout: 5000ms
    Error: element(s) not found

    Call log:
      - Expect "toBeVisible" with timeout 5000ms
      - waiting for getByRole('button', { name: /Sign up/i })


      12 |     // The "Sign up" button
      13 |     const getStartedBtn = page.getByRole('button', { name: /Sign up/i });
    > 14 |     await expect(getStartedBtn).toBeVisible();
         |                                 ^
      15 |   });
      16 |
      17 |   test('should pass accessibility checks', async ({ page }) => {
        at /Users/racoon/Documents/antigravity/wise-curie/tests/e2e/landing.spec.ts:14:33

    attachment #1: screenshot (image/png) ──────────────────────────────────────────────────────────
    ../../test-results/landing-Landing-Page-should-load-and-display-hero-content-chromium/test-failed-1.png
    ────────────────────────────────────────────────────────────────────────────────────────────────

    attachment #2: video (video/webm) ──────────────────────────────────────────────────────────────
    ../../test-results/landing-Landing-Page-should-load-and-display-hero-content-chromium/video.webm
    ────────────────────────────────────────────────────────────────────────────────────────────────

    Error Context: ../../test-results/landing-Landing-Page-should-load-and-display-hero-content-chromium/error-context.md
]]>
</failure>
</testcase>
<testcase name="Landing Page › should pass accessibility checks" classname="landing.spec.ts" time="2.9">
</testcase>
</testsuite>
<testsuite name="dashboard.spec.ts" timestamp="2026-06-30T16:55:48.431Z" hostname="firefox" tests="1" failures="1" skipped="0" time="14.862" errors="0">
<testcase name="Dashboard (Authenticated) › should load the dashboard components" classname="dashboard.spec.ts" time="14.862">
<system-out>
<![CDATA[PAGE TEXT CONTENT ON FAILURE: OVERSIGHT|
LIVE MODE
CONNECTED TO GOOGLE WORKSPACE
QA TEST USER
SIGN OUT
TODAY'S BRIEF
Good night, QA

Here's what happened in the last 24 hours

Updated 0m ago
Refresh
43
EMAILS
8
IMPORTANT
3
URGENT
3
MEETINGS
1
INVOICES
6
NEEDS REPLY
5
FOLLOW-UPS
EXECUTIVE SUMMARY

Today was dominated by investor conversations and client follow-ups. Three people requested meetings, one invoice requires your approval, and two clients are waiting for replies that are now overdue. No scheduling conflicts were detected for your upcoming week.

investor outreach
product roadmap
Q3 planning
pricing discussions
AI INSIGHTS
You have not replied to Sarah Johnson in 4 days — she is a key client.
Three separate conversations mention Friday as a deadline.
Your inbox is 37% meeting-related today — above your typical 20%.
Two investor emails arrived this morning — unusual for a Tuesday.
Marcus Webb replied to your proposal — a positive signal worth following up.
IMPORTANT EMAILS
6 shown
All
Urgent
Important
Meetings
Finance
Needs Reply
S
Sarah Johnson
sarah@clientco.com
4h ago

Re: Product Roadmap — Follow Up

Sarah is following up on the product roadmap discussion from last week and wants to schedule a 30-minute call to align on Q3 priorities before the board meeting.

Client
CRITICAL
Needs Reply
97% confidence
Reply and schedule a call for this week
M
Marcus Webb
marcus@venturelab.vc
2h ago

Re: Oversight.ai — Seed Round Interest

Marcus from VentureLab has reviewed the deck and expressed strong interest in a seed investment conversation. He is available Thursday or Friday this week.

Client
HIGH
Needs Reply
94% confidence
Book a call for Thursday or Friday
J
James Chen
james@acme.io
5h ago

Invoice #1047 — Q2 Services

Invoice #1047 for Q2 services totalling $12,400 has been submitted by Acme. Payment is due within 15 days.

Finance
HIGH
99% confidence
Review and approve invoice #1047
P
Priya Sharma
priya@designstudio.io
8h ago

Meeting Request — Design Review

Priya wants to schedule a design review session for the new dashboard UI. She has proposed Tuesday or Wednesday next week.

Meeting
NORMAL
Needs Reply
91% confidence
Confirm Tuesday or Wednesday slot
A
Alex Torres
alex@beta-user.com
10h ago

Feedback: Oversight Beta Experience

Beta user Alex has submitted detailed feedback praising the AI agent pipeline but requesting a faster sync speed and a mobile interface.

Client
NORMAL
Needs Reply
88% confidence
Log feedback and send acknowledgment
N
Notion
team@mail.notion.so
12h ago

Your Notion workspace weekly summary

Weekly activity summary from Notion — 12 pages updated, 3 databases modified.

Notification
LOW
85% confidence
Review when convenient

Auto-refreshes every 15 minutes · Generated by Gemini 2.5 Flash

ACTION QUEUE
1 items need attention
Live Sync

""

Draft email to investor@example.com

Hi, Just following up on our seed round discussion. Best, Oversight

Approve
Reject

Everything important has been reviewed.

No scheduling conflicts detected. Inbox analyzed.

[[ATTACHMENT|test-results/dashboard-Dashboard-Authen-c1155-ad-the-dashboard-components-firefox/test-failed-1.png]]

[[ATTACHMENT|test-results/dashboard-Dashboard-Authen-c1155-ad-the-dashboard-components-firefox/video.webm]]

[[ATTACHMENT|test-results/dashboard-Dashboard-Authen-c1155-ad-the-dashboard-components-firefox/error-context.md]]
]]>
</system-out>
<failure message="expect(locator).toBeVisible() failed" type="expect.toBeVisible">
<![CDATA[  [firefox] › dashboard.spec.ts:31:7 › Dashboard (Authenticated) › should load the dashboard components 

    Error: expect(locator).toBeVisible() failed

    Locator: getByText('Follow up: Seed Round').first()
    Expected: visible
    Timeout: 5000ms
    Error: element(s) not found

    Call log:
      - Expect "toBeVisible" with timeout 5000ms
      - waiting for getByText('Follow up: Seed Round').first()


      35 |     // Debugging: Log what's on the page if we fail
      36 |     try {
    > 37 |       await expect(page.getByText('Follow up: Seed Round').first()).toBeVisible({ timeout: 5000 });
         |                                                                     ^
      38 |     } catch (e) {
      39 |       console.log("PAGE TEXT CONTENT ON FAILURE:", await page.locator('body').innerText());
      40 |       throw e;
        at /Users/racoon/Documents/antigravity/wise-curie/tests/e2e/dashboard.spec.ts:37:69

    attachment #1: screenshot (image/png) ──────────────────────────────────────────────────────────
    ../../test-results/dashboard-Dashboard-Authen-c1155-ad-the-dashboard-components-firefox/test-failed-1.png
    ────────────────────────────────────────────────────────────────────────────────────────────────

    attachment #2: video (video/webm) ──────────────────────────────────────────────────────────────
    ../../test-results/dashboard-Dashboard-Authen-c1155-ad-the-dashboard-components-firefox/video.webm
    ────────────────────────────────────────────────────────────────────────────────────────────────

    Error Context: ../../test-results/dashboard-Dashboard-Authen-c1155-ad-the-dashboard-components-firefox/error-context.md
]]>
</failure>
</testcase>
</testsuite>
<testsuite name="landing.spec.ts" timestamp="2026-06-30T16:55:48.431Z" hostname="firefox" tests="2" failures="1" skipped="0" time="15.214" errors="0">
<testcase name="Landing Page › should load and display hero content" classname="landing.spec.ts" time="11.544">
<system-out>
<![CDATA[
[[ATTACHMENT|test-results/landing-Landing-Page-should-load-and-display-hero-content-firefox/test-failed-1.png]]

[[ATTACHMENT|test-results/landing-Landing-Page-should-load-and-display-hero-content-firefox/video.webm]]

[[ATTACHMENT|test-results/landing-Landing-Page-should-load-and-display-hero-content-firefox/error-context.md]]
]]>
</system-out>
<failure message="expect(locator).toBeVisible() failed" type="expect.toBeVisible">
<![CDATA[  [firefox] › landing.spec.ts:5:7 › Landing Page › should load and display hero content ────────────

    Error: expect(locator).toBeVisible() failed

    Locator: getByRole('button', { name: /Sign up/i })
    Expected: visible
    Timeout: 5000ms
    Error: element(s) not found

    Call log:
      - Expect "toBeVisible" with timeout 5000ms
      - waiting for getByRole('button', { name: /Sign up/i })


      12 |     // The "Sign up" button
      13 |     const getStartedBtn = page.getByRole('button', { name: /Sign up/i });
    > 14 |     await expect(getStartedBtn).toBeVisible();
         |                                 ^
      15 |   });
      16 |
      17 |   test('should pass accessibility checks', async ({ page }) => {
        at /Users/racoon/Documents/antigravity/wise-curie/tests/e2e/landing.spec.ts:14:33

    attachment #1: screenshot (image/png) ──────────────────────────────────────────────────────────
    ../../test-results/landing-Landing-Page-should-load-and-display-hero-content-firefox/test-failed-1.png
    ────────────────────────────────────────────────────────────────────────────────────────────────

    attachment #2: video (video/webm) ──────────────────────────────────────────────────────────────
    ../../test-results/landing-Landing-Page-should-load-and-display-hero-content-firefox/video.webm
    ────────────────────────────────────────────────────────────────────────────────────────────────

    Error Context: ../../test-results/landing-Landing-Page-should-load-and-display-hero-content-firefox/error-context.md
]]>
</failure>
</testcase>
<testcase name="Landing Page › should pass accessibility checks" classname="landing.spec.ts" time="3.67">
</testcase>
</testsuite>
<testsuite name="dashboard.spec.ts" timestamp="2026-06-30T16:55:48.431Z" hostname="webkit" tests="1" failures="1" skipped="0" time="9.47" errors="0">
<testcase name="Dashboard (Authenticated) › should load the dashboard components" classname="dashboard.spec.ts" time="9.47">
<system-out>
<![CDATA[PAGE TEXT CONTENT ON FAILURE: OVERSIGHT|
LIVE MODE
CONNECTED TO GOOGLE WORKSPACE
QA TEST USER
SIGN OUT
TODAY'S BRIEF
Good night, QA

Here's what happened in the last 24 hours

Updated 0m ago
Refresh
43
EMAILS
8
IMPORTANT
3
URGENT
3
MEETINGS
1
INVOICES
6
NEEDS REPLY
5
FOLLOW-UPS
EXECUTIVE SUMMARY

Today was dominated by investor conversations and client follow-ups. Three people requested meetings, one invoice requires your approval, and two clients are waiting for replies that are now overdue. No scheduling conflicts were detected for your upcoming week.

investor outreach
product roadmap
Q3 planning
pricing discussions
AI INSIGHTS
You have not replied to Sarah Johnson in 4 days — she is a key client.
Three separate conversations mention Friday as a deadline.
Your inbox is 37% meeting-related today — above your typical 20%.
Two investor emails arrived this morning — unusual for a Tuesday.
Marcus Webb replied to your proposal — a positive signal worth following up.
IMPORTANT EMAILS
6 shown

All
Urgent
Important
Meetings
Finance
Needs Reply
S
Sarah Johnson
sarah@clientco.com
4h ago

Re: Product Roadmap — Follow Up

Sarah is following up on the product roadmap discussion from last week and wants to schedule a 30-minute call to align on Q3 priorities before the board meeting.

Client
CRITICAL
Needs Reply
97% confidence
Reply and schedule a call for this week
M
Marcus Webb
marcus@venturelab.vc
2h ago

Re: Oversight.ai — Seed Round Interest

Marcus from VentureLab has reviewed the deck and expressed strong interest in a seed investment conversation. He is available Thursday or Friday this week.

Client
HIGH
Needs Reply
94% confidence
Book a call for Thursday or Friday
J
James Chen
james@acme.io
5h ago

Invoice #1047 — Q2 Services

Invoice #1047 for Q2 services totalling $12,400 has been submitted by Acme. Payment is due within 15 days.

Finance
HIGH
99% confidence
Review and approve invoice #1047
P
Priya Sharma
priya@designstudio.io
8h ago

Meeting Request — Design Review

Priya wants to schedule a design review session for the new dashboard UI. She has proposed Tuesday or Wednesday next week.

Meeting
NORMAL
Needs Reply
91% confidence
Confirm Tuesday or Wednesday slot
A
Alex Torres
alex@beta-user.com
10h ago

Feedback: Oversight Beta Experience

Beta user Alex has submitted detailed feedback praising the AI agent pipeline but requesting a faster sync speed and a mobile interface.

Client
NORMAL
Needs Reply
88% confidence
Log feedback and send acknowledgment
N
Notion
team@mail.notion.so
12h ago

Your Notion workspace weekly summary

Weekly activity summary from Notion — 12 pages updated, 3 databases modified.

Notification
LOW
85% confidence
Review when convenient

Auto-refreshes every 15 minutes · Generated by Gemini 2.5 Flash

ACTION QUEUE
1 items need attention
Live Sync

""

Draft email to investor@example.com

Hi, Just following up on our seed round discussion. Best, Oversight

Approve
Reject

Everything important has been reviewed.

No scheduling conflicts detected. Inbox analyzed.

[[ATTACHMENT|test-results/dashboard-Dashboard-Authen-c1155-ad-the-dashboard-components-webkit/test-failed-1.png]]

[[ATTACHMENT|test-results/dashboard-Dashboard-Authen-c1155-ad-the-dashboard-components-webkit/video.webm]]

[[ATTACHMENT|test-results/dashboard-Dashboard-Authen-c1155-ad-the-dashboard-components-webkit/error-context.md]]
]]>
</system-out>
<failure message="expect(locator).toBeVisible() failed" type="expect.toBeVisible">
<![CDATA[  [webkit] › dashboard.spec.ts:31:7 › Dashboard (Authenticated) › should load the dashboard components 

    Error: expect(locator).toBeVisible() failed

    Locator: getByText('Follow up: Seed Round').first()
    Expected: visible
    Timeout: 5000ms
    Error: element(s) not found

    Call log:
      - Expect "toBeVisible" with timeout 5000ms
      - waiting for getByText('Follow up: Seed Round').first()


      35 |     // Debugging: Log what's on the page if we fail
      36 |     try {
    > 37 |       await expect(page.getByText('Follow up: Seed Round').first()).toBeVisible({ timeout: 5000 });
         |                                                                     ^
      38 |     } catch (e) {
      39 |       console.log("PAGE TEXT CONTENT ON FAILURE:", await page.locator('body').innerText());
      40 |       throw e;
        at /Users/racoon/Documents/antigravity/wise-curie/tests/e2e/dashboard.spec.ts:37:69

    attachment #1: screenshot (image/png) ──────────────────────────────────────────────────────────
    ../../test-results/dashboard-Dashboard-Authen-c1155-ad-the-dashboard-components-webkit/test-failed-1.png
    ────────────────────────────────────────────────────────────────────────────────────────────────

    attachment #2: video (video/webm) ──────────────────────────────────────────────────────────────
    ../../test-results/dashboard-Dashboard-Authen-c1155-ad-the-dashboard-components-webkit/video.webm
    ────────────────────────────────────────────────────────────────────────────────────────────────

    Error Context: ../../test-results/dashboard-Dashboard-Authen-c1155-ad-the-dashboard-components-webkit/error-context.md
]]>
</failure>
</testcase>
</testsuite>
<testsuite name="landing.spec.ts" timestamp="2026-06-30T16:55:48.431Z" hostname="webkit" tests="2" failures="1" skipped="0" time="12.692" errors="0">
<testcase name="Landing Page › should load and display hero content" classname="landing.spec.ts" time="8.162">
<system-out>
<![CDATA[
[[ATTACHMENT|test-results/landing-Landing-Page-should-load-and-display-hero-content-webkit/test-failed-1.png]]

[[ATTACHMENT|test-results/landing-Landing-Page-should-load-and-display-hero-content-webkit/video.webm]]

[[ATTACHMENT|test-results/landing-Landing-Page-should-load-and-display-hero-content-webkit/error-context.md]]
]]>
</system-out>
<failure message="expect(locator).toBeVisible() failed" type="expect.toBeVisible">
<![CDATA[  [webkit] › landing.spec.ts:5:7 › Landing Page › should load and display hero content ─────────────

    Error: expect(locator).toBeVisible() failed

    Locator: getByRole('button', { name: /Sign up/i })
    Expected: visible
    Timeout: 5000ms
    Error: element(s) not found

    Call log:
      - Expect "toBeVisible" with timeout 5000ms
      - waiting for getByRole('button', { name: /Sign up/i })


      12 |     // The "Sign up" button
      13 |     const getStartedBtn = page.getByRole('button', { name: /Sign up/i });
    > 14 |     await expect(getStartedBtn).toBeVisible();
         |                                 ^
      15 |   });
      16 |
      17 |   test('should pass accessibility checks', async ({ page }) => {
        at /Users/racoon/Documents/antigravity/wise-curie/tests/e2e/landing.spec.ts:14:33

    attachment #1: screenshot (image/png) ──────────────────────────────────────────────────────────
    ../../test-results/landing-Landing-Page-should-load-and-display-hero-content-webkit/test-failed-1.png
    ────────────────────────────────────────────────────────────────────────────────────────────────

    attachment #2: video (video/webm) ──────────────────────────────────────────────────────────────
    ../../test-results/landing-Landing-Page-should-load-and-display-hero-content-webkit/video.webm
    ────────────────────────────────────────────────────────────────────────────────────────────────

    Error Context: ../../test-results/landing-Landing-Page-should-load-and-display-hero-content-webkit/error-context.md
]]>
</failure>
</testcase>
<testcase name="Landing Page › should pass accessibility checks" classname="landing.spec.ts" time="4.53">
</testcase>
</testsuite>
<testsuite name="dashboard.spec.ts" timestamp="2026-06-30T16:55:48.431Z" hostname="Mobile Chrome" tests="1" failures="1" skipped="0" time="17.868" errors="0">
<testcase name="Dashboard (Authenticated) › should load the dashboard components" classname="dashboard.spec.ts" time="17.868">
<system-out>
<![CDATA[
[[ATTACHMENT|test-results/dashboard-Dashboard-Authen-c1155-ad-the-dashboard-components-Mobile-Chrome/test-failed-1.png]]

[[ATTACHMENT|test-results/dashboard-Dashboard-Authen-c1155-ad-the-dashboard-components-Mobile-Chrome/video.webm]]

[[ATTACHMENT|test-results/dashboard-Dashboard-Authen-c1155-ad-the-dashboard-components-Mobile-Chrome/error-context.md]]
]]>
</system-out>
<failure message="expect(locator).toBeVisible() failed" type="expect.toBeVisible">
<![CDATA[  [Mobile Chrome] › dashboard.spec.ts:31:7 › Dashboard (Authenticated) › should load the dashboard components 

    Error: expect(locator).toBeVisible() failed

    Locator:  getByText('QA Test User')
    Expected: visible
    Received: hidden
    Timeout:  15000ms

    Call log:
      - Expect "toBeVisible" with timeout 15000ms
      - waiting for getByText('QA Test User')
        33 × locator resolved to <span class="text-[11px] font-bold tracking-[0.1em] uppercase text-[#FAFAFA]/90 hidden sm:block truncate max-w-[150px]">QA Test User</span>
           - unexpected value "hidden"


      26 |     
      27 |     // Check for dashboard skeleton or main UI
    > 28 |     await expect(page.getByText('QA Test User')).toBeVisible({ timeout: 15000 });
         |                                                  ^
      29 |   });
      30 |
      31 |   test('should load the dashboard components', async ({ page }) => {
        at /Users/racoon/Documents/antigravity/wise-curie/tests/e2e/dashboard.spec.ts:28:50

    attachment #1: screenshot (image/png) ──────────────────────────────────────────────────────────
    ../../test-results/dashboard-Dashboard-Authen-c1155-ad-the-dashboard-components-Mobile-Chrome/test-failed-1.png
    ────────────────────────────────────────────────────────────────────────────────────────────────

    attachment #2: video (video/webm) ──────────────────────────────────────────────────────────────
    ../../test-results/dashboard-Dashboard-Authen-c1155-ad-the-dashboard-components-Mobile-Chrome/video.webm
    ────────────────────────────────────────────────────────────────────────────────────────────────

    Error Context: ../../test-results/dashboard-Dashboard-Authen-c1155-ad-the-dashboard-components-Mobile-Chrome/error-context.md
]]>
</failure>
</testcase>
</testsuite>
<testsuite name="landing.spec.ts" timestamp="2026-06-30T16:55:48.431Z" hostname="Mobile Chrome" tests="2" failures="1" skipped="0" time="7.756" errors="0">
<testcase name="Landing Page › should load and display hero content" classname="landing.spec.ts" time="5.818">
<system-out>
<![CDATA[
[[ATTACHMENT|test-results/landing-Landing-Page-should-load-and-display-hero-content-Mobile-Chrome/test-failed-1.png]]

[[ATTACHMENT|test-results/landing-Landing-Page-should-load-and-display-hero-content-Mobile-Chrome/video.webm]]

[[ATTACHMENT|test-results/landing-Landing-Page-should-load-and-display-hero-content-Mobile-Chrome/error-context.md]]
]]>
</system-out>
<failure message="expect(locator).toBeVisible() failed" type="expect.toBeVisible">
<![CDATA[  [Mobile Chrome] › landing.spec.ts:5:7 › Landing Page › should load and display hero content ──────

    Error: expect(locator).toBeVisible() failed

    Locator: getByRole('button', { name: /Sign up/i })
    Expected: visible
    Timeout: 5000ms
    Error: element(s) not found

    Call log:
      - Expect "toBeVisible" with timeout 5000ms
      - waiting for getByRole('button', { name: /Sign up/i })


      12 |     // The "Sign up" button
      13 |     const getStartedBtn = page.getByRole('button', { name: /Sign up/i });
    > 14 |     await expect(getStartedBtn).toBeVisible();
         |                                 ^
      15 |   });
      16 |
      17 |   test('should pass accessibility checks', async ({ page }) => {
        at /Users/racoon/Documents/antigravity/wise-curie/tests/e2e/landing.spec.ts:14:33

    attachment #1: screenshot (image/png) ──────────────────────────────────────────────────────────
    ../../test-results/landing-Landing-Page-should-load-and-display-hero-content-Mobile-Chrome/test-failed-1.png
    ────────────────────────────────────────────────────────────────────────────────────────────────

    attachment #2: video (video/webm) ──────────────────────────────────────────────────────────────
    ../../test-results/landing-Landing-Page-should-load-and-display-hero-content-Mobile-Chrome/video.webm
    ────────────────────────────────────────────────────────────────────────────────────────────────

    Error Context: ../../test-results/landing-Landing-Page-should-load-and-display-hero-content-Mobile-Chrome/error-context.md
]]>
</failure>
</testcase>
<testcase name="Landing Page › should pass accessibility checks" classname="landing.spec.ts" time="1.938">
</testcase>
</testsuite>
<testsuite name="dashboard.spec.ts" timestamp="2026-06-30T16:55:48.431Z" hostname="Mobile Safari" tests="1" failures="1" skipped="0" time="16.887" errors="0">
<testcase name="Dashboard (Authenticated) › should load the dashboard components" classname="dashboard.spec.ts" time="16.887">
<system-out>
<![CDATA[
[[ATTACHMENT|test-results/dashboard-Dashboard-Authen-c1155-ad-the-dashboard-components-Mobile-Safari/test-failed-1.png]]

[[ATTACHMENT|test-results/dashboard-Dashboard-Authen-c1155-ad-the-dashboard-components-Mobile-Safari/video.webm]]

[[ATTACHMENT|test-results/dashboard-Dashboard-Authen-c1155-ad-the-dashboard-components-Mobile-Safari/error-context.md]]
]]>
</system-out>
<failure message="expect(locator).toBeVisible() failed" type="expect.toBeVisible">
<![CDATA[  [Mobile Safari] › dashboard.spec.ts:31:7 › Dashboard (Authenticated) › should load the dashboard components 

    Error: expect(locator).toBeVisible() failed

    Locator:  getByText('QA Test User')
    Expected: visible
    Received: hidden
    Timeout:  15000ms

    Call log:
      - Expect "toBeVisible" with timeout 15000ms
      - waiting for getByText('QA Test User')
        33 × locator resolved to <span class="text-[11px] font-bold tracking-[0.1em] uppercase text-[#FAFAFA]/90 hidden sm:block truncate max-w-[150px]">QA Test User</span>
           - unexpected value "hidden"


      26 |     
      27 |     // Check for dashboard skeleton or main UI
    > 28 |     await expect(page.getByText('QA Test User')).toBeVisible({ timeout: 15000 });
         |                                                  ^
      29 |   });
      30 |
      31 |   test('should load the dashboard components', async ({ page }) => {
        at /Users/racoon/Documents/antigravity/wise-curie/tests/e2e/dashboard.spec.ts:28:50

    attachment #1: screenshot (image/png) ──────────────────────────────────────────────────────────
    ../../test-results/dashboard-Dashboard-Authen-c1155-ad-the-dashboard-components-Mobile-Safari/test-failed-1.png
    ────────────────────────────────────────────────────────────────────────────────────────────────

    attachment #2: video (video/webm) ──────────────────────────────────────────────────────────────
    ../../test-results/dashboard-Dashboard-Authen-c1155-ad-the-dashboard-components-Mobile-Safari/video.webm
    ────────────────────────────────────────────────────────────────────────────────────────────────

    Error Context: ../../test-results/dashboard-Dashboard-Authen-c1155-ad-the-dashboard-components-Mobile-Safari/error-context.md
]]>
</failure>
</testcase>
</testsuite>
<testsuite name="landing.spec.ts" timestamp="2026-06-30T16:55:48.431Z" hostname="Mobile Safari" tests="2" failures="1" skipped="0" time="8.717" errors="0">
<testcase name="Landing Page › should load and display hero content" classname="landing.spec.ts" time="6.367">
<system-out>
<![CDATA[
[[ATTACHMENT|test-results/landing-Landing-Page-should-load-and-display-hero-content-Mobile-Safari/test-failed-1.png]]

[[ATTACHMENT|test-results/landing-Landing-Page-should-load-and-display-hero-content-Mobile-Safari/video.webm]]

[[ATTACHMENT|test-results/landing-Landing-Page-should-load-and-display-hero-content-Mobile-Safari/error-context.md]]
]]>
</system-out>
<failure message="expect(locator).toBeVisible() failed" type="expect.toBeVisible">
<![CDATA[  [Mobile Safari] › landing.spec.ts:5:7 › Landing Page › should load and display hero content ──────

    Error: expect(locator).toBeVisible() failed

    Locator: getByRole('button', { name: /Sign up/i })
    Expected: visible
    Timeout: 5000ms
    Error: element(s) not found

    Call log:
      - Expect "toBeVisible" with timeout 5000ms
      - waiting for getByRole('button', { name: /Sign up/i })


      12 |     // The "Sign up" button
      13 |     const getStartedBtn = page.getByRole('button', { name: /Sign up/i });
    > 14 |     await expect(getStartedBtn).toBeVisible();
         |                                 ^
      15 |   });
      16 |
      17 |   test('should pass accessibility checks', async ({ page }) => {
        at /Users/racoon/Documents/antigravity/wise-curie/tests/e2e/landing.spec.ts:14:33

    attachment #1: screenshot (image/png) ──────────────────────────────────────────────────────────
    ../../test-results/landing-Landing-Page-should-load-and-display-hero-content-Mobile-Safari/test-failed-1.png
    ────────────────────────────────────────────────────────────────────────────────────────────────

    attachment #2: video (video/webm) ──────────────────────────────────────────────────────────────
    ../../test-results/landing-Landing-Page-should-load-and-display-hero-content-Mobile-Safari/video.webm
    ────────────────────────────────────────────────────────────────────────────────────────────────

    Error Context: ../../test-results/landing-Landing-Page-should-load-and-display-hero-content-Mobile-Safari/error-context.md
]]>
</failure>
</testcase>
<testcase name="Landing Page › should pass accessibility checks" classname="landing.spec.ts" time="2.35">
</testcase>
</testsuite>
</testsuites>